{
  "err": null,
  "input": {
    "NextToken": null,
    "StackName": "stastest-%SCENARIO_ID%"
  },
  "output": {
    "NextToken": null,
    "StackEvents": [
      {
        "ClientRequestToken": null,
        "EventId": "1752a300-a4bc-11ea-81e4-069dc79e2b34",
        "LogicalResourceId": "stastest-%SCENARIO_ID%",
        "PhysicalResourceId": "arn:aws:cloudformation:%AWS_REGION%:%AWS_ACC_ID%:stack/stastest-%SCENARIO_ID%/0f04ef50-a4bc-11ea-a7db-0a736ea8438a",
        "ResourceProperties": null,
        "ResourceStatus": "CREATE_COMPLETE",
        "ResourceStatusReason": null,
        "ResourceType": "AWS::CloudFormation::Stack",
        "StackId": "arn:aws:cloudformation:%AWS_REGION%:%AWS_ACC_ID%:stack/stastest-%SCENARIO_ID%/0f04ef50-a4bc-11ea-a7db-0a736ea8438a",
        "StackName": "stastest-%SCENARIO_ID%",
        "Timestamp": "2020-06-02T10:30:34.016Z"
      },
      {
        "ClientRequestToken": null,
        "EventId": "Cluster-CREATE_COMPLETE-2020-06-02T10:30:32.695Z",
        "LogicalResourceId": "Cluster",
        "PhysicalResourceId": "stastest-%SCENARIO_ID%",
        "ResourceProperties": "{\"ClusterName\":\"stastest-%SCENARIO_ID%\"}",
        "ResourceStatus": "CREATE_COMPLETE",
        "ResourceStatusReason": null,
        "ResourceType": "AWS::ECS::Cluster",
        "StackId": "arn:aws:cloudformation:%AWS_REGION%:%AWS_ACC_ID%:stack/stastest-%SCENARIO_ID%/0f04ef50-a4bc-11ea-a7db-0a736ea8438a",
        "StackName": "stastest-%SCENARIO_ID%",
        "Timestamp": "2020-06-02T10:30:32.695Z"
      },
      {
        "ClientRequestToken": null,
        "EventId": "Cluster-CREATE_IN_PROGRESS-2020-06-02T10:30:32.214Z",
        "LogicalResourceId": "Cluster",
        "PhysicalResourceId": "stastest-%SCENARIO_ID%",
        "ResourceProperties": "{\"ClusterName\":\"stastest-%SCENARIO_ID%\"}",
        "ResourceStatus": "CREATE_IN_PROGRESS",
        "ResourceStatusReason": "Resource creation Initiated",
        "ResourceType": "AWS::ECS::Cluster",
        "StackId": "arn:aws:cloudformation:%AWS_REGION%:%AWS_ACC_ID%:stack/stastest-%SCENARIO_ID%/0f04ef50-a4bc-11ea-a7db-0a736ea8438a",
        "StackName": "stastest-%SCENARIO_ID%",
        "Timestamp": "2020-06-02T10:30:32.214Z"
      },
      {
        "ClientRequestToken": null,
        "EventId": "Cluster-CREATE_IN_PROGRESS-2020-06-02T10:30:27.603Z",
        "LogicalResourceId": "Cluster",
        "PhysicalResourceId": "",
        "ResourceProperties": "{\"ClusterName\":\"stastest-%SCENARIO_ID%\"}",
        "ResourceStatus": "CREATE_IN_PROGRESS",
        "ResourceStatusReason": null,
        "ResourceType": "AWS::ECS::Cluster",
        "StackId": "arn:aws:cloudformation:%AWS_REGION%:%AWS_ACC_ID%:stack/stastest-%SCENARIO_ID%/0f04ef50-a4bc-11ea-a7db-0a736ea8438a",
        "StackName": "stastest-%SCENARIO_ID%",
        "Timestamp": "2020-06-02T10:30:27.603Z"
      },
      {
        "ClientRequestToken": null,
        "EventId": "11794ab0-a4bc-11ea-9d4d-0a7ffa9bc424",
        "LogicalResourceId": "stastest-%SCENARIO_ID%",
        "PhysicalResourceId": "arn:aws:cloudformation:%AWS_REGION%:%AWS_ACC_ID%:stack/stastest-%SCENARIO_ID%/0f04ef50-a4bc-11ea-a7db-0a736ea8438a",
        "ResourceProperties": null,
        "ResourceStatus": "CREATE_IN_PROGRESS",
        "ResourceStatusReason": "User Initiated",
        "ResourceType": "AWS::CloudFormation::Stack",
        "StackId": "arn:aws:cloudformation:%AWS_REGION%:%AWS_ACC_ID%:stack/stastest-%SCENARIO_ID%/0f04ef50-a4bc-11ea-a7db-0a736ea8438a",
        "StackName": "stastest-%SCENARIO_ID%",
        "Timestamp": "2020-06-02T10:30:24.214Z"
      },
      {
        "ClientRequestToken": null,
        "EventId": "0f04a130-a4bc-11ea-a7db-0a736ea8438a",
        "LogicalResourceId": "stastest-%SCENARIO_ID%",
        "PhysicalResourceId": "arn:aws:cloudformation:%AWS_REGION%:%AWS_ACC_ID%:stack/stastest-%SCENARIO_ID%/0f04ef50-a4bc-11ea-a7db-0a736ea8438a",
        "ResourceProperties": null,
        "ResourceStatus": "REVIEW_IN_PROGRESS",
        "ResourceStatusReason": "User Initiated",
        "ResourceType": "AWS::CloudFormation::Stack",
        "StackId": "arn:aws:cloudformation:%AWS_REGION%:%AWS_ACC_ID%:stack/stastest-%SCENARIO_ID%/0f04ef50-a4bc-11ea-a7db-0a736ea8438a",
        "StackName": "stastest-%SCENARIO_ID%",
        "Timestamp": "2020-06-02T10:30:20.148Z"
      }
    ]
  }
}