{
  "err": null,
  "input": {
    "ChangeSetName": "arn:aws:cloudformation:%AWS_REGION%:%AWS_ACC_ID%:changeSet/%CHST_ID-2%/4e363663-0615-4189-a660-4ffae049db24",
    "NextToken": null,
    "StackName": null
  },
  "output": {
    "Capabilities": null,
    "ChangeSetId": "arn:aws:cloudformation:%AWS_REGION%:%AWS_ACC_ID%:changeSet/%CHST_ID-2%/4e363663-0615-4189-a660-4ffae049db24",
    "ChangeSetName": "%CHST_ID-2%",
    "Changes": [
      {
        "ResourceChange": {
          "Action": "Modify",
          "Details": [
            {
              "CausingEntity": null,
              "ChangeSource": "DirectModification",
              "Evaluation": "Static",
              "Target": {
                "Attribute": "Properties",
                "Name": "ClusterName",
                "RequiresRecreation": "Always"
              }
            }
          ],
          "LogicalResourceId": "Cluster",
          "PhysicalResourceId": "stastest-%SCENARIO_ID%",
          "Replacement": "True",
          "ResourceType": "AWS::ECS::Cluster",
          "Scope": [
            "Properties"
          ]
        },
        "Type": "Resource"
      }
    ],
    "CreationTime": "2020-06-02T10:31:09.174Z",
    "Description": null,
    "ExecutionStatus": "AVAILABLE",
    "NextToken": null,
    "NotificationARNs": null,
    "Parameters": null,
    "RollbackConfiguration": {
      "MonitoringTimeInMinutes": null,
      "RollbackTriggers": null
    },
    "StackId": "arn:aws:cloudformation:%AWS_REGION%:%AWS_ACC_ID%:stack/stastest-%SCENARIO_ID%/230e7b60-a4bc-11ea-9fbc-0af8eed4b1ec",
    "StackName": "stastest-%SCENARIO_ID%",
    "Status": "CREATE_COMPLETE",
    "StatusReason": null,
    "Tags": null
  }
}