{
  "err": null,
  "input": {
    "ChangeSetName": "arn:aws:cloudformation:%AWS_REGION%:%AWS_ACC_ID%:changeSet/%CHST_ID%/d19e7e10-9457-4db8-ba72-b18bfd703547",
    "NextToken": null,
    "StackName": null
  },
  "output": ""
}