{
  "err": null,
  "input": {
    "NextToken": null,
    "StackName": "stastest-%SCENARIO_ID%"
  },
  "output": {
    "NextToken": null,
    "StackEvents": [
      {
        "ClientRequestToken": null,
        "EventId": "Cluster-CREATE_IN_PROGRESS-2020-06-25T08:21:10.058Z",
        "LogicalResourceId": "Cluster",
        "PhysicalResourceId": "stastest-%SCENARIO_ID%",
        "ResourceProperties": "{\"ClusterName\":\"stastest-%SCENARIO_ID%\"}",
        "ResourceStatus": "CREATE_IN_PROGRESS",
        "ResourceStatusReason": "Resource creation Initiated",
        "ResourceType": "AWS::ECS::Cluster",
        "StackId": "arn:aws:cloudformation:%AWS_REGION%:%AWS_ACC_ID%:stack/stastest-%SCENARIO_ID%/cd884c30-b6bc-11ea-aa29-06fa7988ce00",
        "StackName": "stastest-%SCENARIO_ID%",
        "Timestamp": "2020-06-25T08:21:10.058Z"
      },
      {
        "ClientRequestToken": null,
        "EventId": "Cluster-CREATE_IN_PROGRESS-2020-06-25T08:21:08.609Z",
        "LogicalResourceId": "Cluster",
        "PhysicalResourceId": "",
        "ResourceProperties": "{\"ClusterName\":\"stastest-%SCENARIO_ID%\"}",
        "ResourceStatus": "CREATE_IN_PROGRESS",
        "ResourceStatusReason": null,
        "ResourceType": "AWS::ECS::Cluster",
        "StackId": "arn:aws:cloudformation:%AWS_REGION%:%AWS_ACC_ID%:stack/stastest-%SCENARIO_ID%/cd884c30-b6bc-11ea-aa29-06fa7988ce00",
        "StackName": "stastest-%SCENARIO_ID%",
        "Timestamp": "2020-06-25T08:21:08.609Z"
      },
      {
        "ClientRequestToken": null,
        "EventId": "d04c0010-b6bc-11ea-b780-02bb3de2f99e",
        "LogicalResourceId": "stastest-%SCENARIO_ID%",
        "PhysicalResourceId": "arn:aws:cloudformation:%AWS_REGION%:%AWS_ACC_ID%:stack/stastest-%SCENARIO_ID%/cd884c30-b6bc-11ea-aa29-06fa7988ce00",
        "ResourceProperties": null,
        "ResourceStatus": "CREATE_IN_PROGRESS",
        "ResourceStatusReason": "User Initiated",
        "ResourceType": "AWS::CloudFormation::Stack",
        "StackId": "arn:aws:cloudformation:%AWS_REGION%:%AWS_ACC_ID%:stack/stastest-%SCENARIO_ID%/cd884c30-b6bc-11ea-aa29-06fa7988ce00",
        "StackName": "stastest-%SCENARIO_ID%",
        "Timestamp": "2020-06-25T08:21:05.292Z"
      },
      {
        "ClientRequestToken": null,
        "EventId": "cd87fe10-b6bc-11ea-aa29-06fa7988ce00",
        "LogicalResourceId": "stastest-%SCENARIO_ID%",
        "PhysicalResourceId": "arn:aws:cloudformation:%AWS_REGION%:%AWS_ACC_ID%:stack/stastest-%SCENARIO_ID%/cd884c30-b6bc-11ea-aa29-06fa7988ce00",
        "ResourceProperties": null,
        "ResourceStatus": "REVIEW_IN_PROGRESS",
        "ResourceStatusReason": "User Initiated",
        "ResourceType": "AWS::CloudFormation::Stack",
        "StackId": "arn:aws:cloudformation:%AWS_REGION%:%AWS_ACC_ID%:stack/stastest-%SCENARIO_ID%/cd884c30-b6bc-11ea-aa29-06fa7988ce00",
        "StackName": "stastest-%SCENARIO_ID%",
        "Timestamp": "2020-06-25T08:21:00.708Z"
      }
    ]
  }
}