{
  "err": null,
  "input": {
    "ChangeSetName": "arn:aws:cloudformation:%AWS_REGION%:%AWS_ACC_ID%:changeSet/%CHST_ID%/f433b741-d8eb-42cb-b0d4-01b524805a8b",
    "ClientRequestToken": null,
    "StackName": null
  },
  "output": {}
}