{
  "err": null,
  "input": {
    "ChangeSetName": "arn:aws:cloudformation:%AWS_REGION%:%AWS_ACC_ID%:changeSet/%CHST_ID%/6365aa59-fd0b-4380-a404-bb0e77de2710",
    "NextToken": null,
    "StackName": null
  },
  "output": {
    "Capabilities": null,
    "ChangeSetId": "arn:aws:cloudformation:%AWS_REGION%:%AWS_ACC_ID%:changeSet/%CHST_ID%/6365aa59-fd0b-4380-a404-bb0e77de2710",
    "ChangeSetName": "%CHST_ID%",
    "Changes": [
      {
        "ResourceChange": {
          "Action": "Add",
          "Details": null,
          "LogicalResourceId": "Cluster",
          "PhysicalResourceId": null,
          "Replacement": null,
          "ResourceType": "AWS::ECS::Cluster",
          "Scope": null
        },
        "Type": "Resource"
      }
    ],
    "CreationTime": "2020-05-25T05:31:56.306Z",
    "Description": null,
    "ExecutionStatus": "AVAILABLE",
    "NextToken": null,
    "NotificationARNs": null,
    "Parameters": null,
    "RollbackConfiguration": {
      "MonitoringTimeInMinutes": null,
      "RollbackTriggers": null
    },
    "StackId": "arn:aws:cloudformation:%AWS_REGION%:%AWS_ACC_ID%:stack/stastest-%SCENARIO_ID%/0c3061c0-9e49-11ea-b9ae-0a1dada20d7a",
    "StackName": "stastest-%SCENARIO_ID%",
    "Status": "CREATE_COMPLETE",
    "StatusReason": null,
    "Tags": null
  }
}