{
  "err": null,
  "input": {
    "NextToken": null,
    "StackName": "stastest-%SCENARIO_ID%"
  },
  "output": {
    "NextToken": null,
    "StackEvents": [
      {
        "ClientRequestToken": null,
        "EventId": "cfe26cc0-ef22-11e9-a8c1-02731a038876",
        "LogicalResourceId": "stastest-%SCENARIO_ID%",
        "PhysicalResourceId": "arn:aws:cloudformation:%AWS_REGION%:%AWS_ACC_ID%:stack/stastest-%SCENARIO_ID%/cbb5da10-ef22-11e9-bcb1-0219aca93f38",
        "ResourceProperties": null,
        "ResourceStatus": "CREATE_COMPLETE",
        "ResourceStatusReason": null,
        "ResourceType": "AWS::CloudFormation::Stack",
        "StackId": "arn:aws:cloudformation:%AWS_REGION%:%AWS_ACC_ID%:stack/stastest-%SCENARIO_ID%/cbb5da10-ef22-11e9-bcb1-0219aca93f38",
        "StackName": "stastest-%SCENARIO_ID%",
        "Timestamp": "2019-10-15T08:07:20.706Z"
      },
      {
        "ClientRequestToken": null,
        "EventId": "Cluster-CREATE_COMPLETE-2019-10-15T08:07:19.599Z",
        "LogicalResourceId": "Cluster",
        "PhysicalResourceId": "stastest-%SCENARIO_ID%",
        "ResourceProperties": "{\"ClusterName\":\"stastest-%SCENARIO_ID%\"}",
        "ResourceStatus": "CREATE_COMPLETE",
        "ResourceStatusReason": null,
        "ResourceType": "AWS::ECS::Cluster",
        "StackId": "arn:aws:cloudformation:%AWS_REGION%:%AWS_ACC_ID%:stack/stastest-%SCENARIO_ID%/cbb5da10-ef22-11e9-bcb1-0219aca93f38",
        "StackName": "stastest-%SCENARIO_ID%",
        "Timestamp": "2019-10-15T08:07:19.599Z"
      },
      {
        "ClientRequestToken": null,
        "EventId": "Cluster-CREATE_IN_PROGRESS-2019-10-15T08:07:19.289Z",
        "LogicalResourceId": "Cluster",
        "PhysicalResourceId": "stastest-%SCENARIO_ID%",
        "ResourceProperties": "{\"ClusterName\":\"stastest-%SCENARIO_ID%\"}",
        "ResourceStatus": "CREATE_IN_PROGRESS",
        "ResourceStatusReason": "Resource creation Initiated",
        "ResourceType": "AWS::ECS::Cluster",
        "StackId": "arn:aws:cloudformation:%AWS_REGION%:%AWS_ACC_ID%:stack/stastest-%SCENARIO_ID%/cbb5da10-ef22-11e9-bcb1-0219aca93f38",
        "StackName": "stastest-%SCENARIO_ID%",
        "Timestamp": "2019-10-15T08:07:19.289Z"
      },
      {
        "ClientRequestToken": null,
        "EventId": "Cluster-CREATE_IN_PROGRESS-2019-10-15T08:07:18.834Z",
        "LogicalResourceId": "Cluster",
        "PhysicalResourceId": "",
        "ResourceProperties": "{\"ClusterName\":\"stastest-%SCENARIO_ID%\"}",
        "ResourceStatus": "CREATE_IN_PROGRESS",
        "ResourceStatusReason": null,
        "ResourceType": "AWS::ECS::Cluster",
        "StackId": "arn:aws:cloudformation:%AWS_REGION%:%AWS_ACC_ID%:stack/stastest-%SCENARIO_ID%/cbb5da10-ef22-11e9-bcb1-0219aca93f38",
        "StackName": "stastest-%SCENARIO_ID%",
        "Timestamp": "2019-10-15T08:07:18.834Z"
      },
      {
        "ClientRequestToken": null,
        "EventId": "cd7f9d90-ef22-11e9-bccd-02abe6210ac8",
        "LogicalResourceId": "stastest-%SCENARIO_ID%",
        "PhysicalResourceId": "arn:aws:cloudformation:%AWS_REGION%:%AWS_ACC_ID%:stack/stastest-%SCENARIO_ID%/cbb5da10-ef22-11e9-bcb1-0219aca93f38",
        "ResourceProperties": null,
        "ResourceStatus": "CREATE_IN_PROGRESS",
        "ResourceStatusReason": "User Initiated",
        "ResourceType": "AWS::CloudFormation::Stack",
        "StackId": "arn:aws:cloudformation:%AWS_REGION%:%AWS_ACC_ID%:stack/stastest-%SCENARIO_ID%/cbb5da10-ef22-11e9-bcb1-0219aca93f38",
        "StackName": "stastest-%SCENARIO_ID%",
        "Timestamp": "2019-10-15T08:07:16.698Z"
      },
      {
        "ClientRequestToken": null,
        "EventId": "cbb58bf0-ef22-11e9-bcb1-0219aca93f38",
        "LogicalResourceId": "stastest-%SCENARIO_ID%",
        "PhysicalResourceId": "arn:aws:cloudformation:%AWS_REGION%:%AWS_ACC_ID%:stack/stastest-%SCENARIO_ID%/cbb5da10-ef22-11e9-bcb1-0219aca93f38",
        "ResourceProperties": null,
        "ResourceStatus": "REVIEW_IN_PROGRESS",
        "ResourceStatusReason": "User Initiated",
        "ResourceType": "AWS::CloudFormation::Stack",
        "StackId": "arn:aws:cloudformation:%AWS_REGION%:%AWS_ACC_ID%:stack/stastest-%SCENARIO_ID%/cbb5da10-ef22-11e9-bcb1-0219aca93f38",
        "StackName": "stastest-%SCENARIO_ID%",
        "Timestamp": "2019-10-15T08:07:13.765Z"
      }
    ]
  }
}
