{
  "err": null,
  "input": {
    "ChangeSetName": "arn:aws:cloudformation:%AWS_REGION%:%AWS_ACC_ID%:changeSet/%CHST_ID%/4c7f6b96-439a-49b9-9ee8-0f3f8a930b3d",
    "NextToken": null,
    "StackName": null
  },
  "output": {
    "Capabilities": null,
    "ChangeSetId": "arn:aws:cloudformation:%AWS_REGION%:%AWS_ACC_ID%:changeSet/%CHST_ID%/4c7f6b96-439a-49b9-9ee8-0f3f8a930b3d",
    "ChangeSetName": "%CHST_ID%",
    "Changes": [
      {
        "ResourceChange": {
          "Action": "Add",
          "Details": null,
          "LogicalResourceId": "Cluster",
          "PhysicalResourceId": null,
          "Replacement": null,
          "ResourceType": "AWS::ECS::Cluster",
          "Scope": null
        },
        "Type": "Resource"
      }
    ],
    "CreationTime": "2019-10-15T08:07:27.47Z",
    "Description": null,
    "ExecutionStatus": "AVAILABLE",
    "NextToken": null,
    "NotificationARNs": null,
    "Parameters": null,
    "RollbackConfiguration": {
      "MonitoringTimeInMinutes": null,
      "RollbackTriggers": null
    },
    "StackId": "arn:aws:cloudformation:%AWS_REGION%:%AWS_ACC_ID%:stack/stastest-%SCENARIO_ID%/d3e2bf50-ef22-11e9-92d1-02078729aa3e",
    "StackName": "stastest-%SCENARIO_ID%",
    "Status": "CREATE_COMPLETE",
    "StatusReason": null,
    "Tags": null
  }
}
