{
  "err": null,
  "input": {
    "NextToken": null,
    "StackName": "stastest-%SCENARIO_ID%"
  },
  "output": {
    "NextToken": null,
    "StackEvents": [
      {
        "ClientRequestToken": null,
        "EventId": "Cluster-CREATE_IN_PROGRESS-2020-06-25T08:24:11.084Z",
        "LogicalResourceId": "Cluster",
        "PhysicalResourceId": "stastest-%SCENARIO_ID%",
        "ResourceProperties": "{\"ClusterName\":\"stastest-%SCENARIO_ID%\"}",
        "ResourceStatus": "CREATE_IN_PROGRESS",
        "ResourceStatusReason": "Resource creation Initiated",
        "ResourceType": "AWS::ECS::Cluster",
        "StackId": "arn:aws:cloudformation:%AWS_REGION%:%AWS_ACC_ID%:stack/stastest-%SCENARIO_ID%/3957f000-b6bd-11ea-967d-06527026dd82",
        "StackName": "stastest-%SCENARIO_ID%",
        "Timestamp": "2020-06-25T08:24:11.084Z"
      },
      {
        "ClientRequestToken": null,
        "EventId": "Cluster-CREATE_IN_PROGRESS-2020-06-25T08:24:09.939Z",
        "LogicalResourceId": "Cluster",
        "PhysicalResourceId": "",
        "ResourceProperties": "{\"ClusterName\":\"stastest-%SCENARIO_ID%\"}",
        "ResourceStatus": "CREATE_IN_PROGRESS",
        "ResourceStatusReason": null,
        "ResourceType": "AWS::ECS::Cluster",
        "StackId": "arn:aws:cloudformation:%AWS_REGION%:%AWS_ACC_ID%:stack/stastest-%SCENARIO_ID%/3957f000-b6bd-11ea-967d-06527026dd82",
        "StackName": "stastest-%SCENARIO_ID%",
        "Timestamp": "2020-06-25T08:24:09.939Z"
      },
      {
        "ClientRequestToken": null,
        "EventId": "3c3cc070-b6bd-11ea-840a-0272ba7477a4",
        "LogicalResourceId": "stastest-%SCENARIO_ID%",
        "PhysicalResourceId": "arn:aws:cloudformation:%AWS_REGION%:%AWS_ACC_ID%:stack/stastest-%SCENARIO_ID%/3957f000-b6bd-11ea-967d-06527026dd82",
        "ResourceProperties": null,
        "ResourceStatus": "CREATE_IN_PROGRESS",
        "ResourceStatusReason": "User Initiated",
        "ResourceType": "AWS::CloudFormation::Stack",
        "StackId": "arn:aws:cloudformation:%AWS_REGION%:%AWS_ACC_ID%:stack/stastest-%SCENARIO_ID%/3957f000-b6bd-11ea-967d-06527026dd82",
        "StackName": "stastest-%SCENARIO_ID%",
        "Timestamp": "2020-06-25T08:24:06.387Z"
      },
      {
        "ClientRequestToken": null,
        "EventId": "39577ad0-b6bd-11ea-967d-06527026dd82",
        "LogicalResourceId": "stastest-%SCENARIO_ID%",
        "PhysicalResourceId": "arn:aws:cloudformation:%AWS_REGION%:%AWS_ACC_ID%:stack/stastest-%SCENARIO_ID%/3957f000-b6bd-11ea-967d-06527026dd82",
        "ResourceProperties": null,
        "ResourceStatus": "REVIEW_IN_PROGRESS",
        "ResourceStatusReason": "User Initiated",
        "ResourceType": "AWS::CloudFormation::Stack",
        "StackId": "arn:aws:cloudformation:%AWS_REGION%:%AWS_ACC_ID%:stack/stastest-%SCENARIO_ID%/3957f000-b6bd-11ea-967d-06527026dd82",
        "StackName": "stastest-%SCENARIO_ID%",
        "Timestamp": "2020-06-25T08:24:01.583Z"
      }
    ]
  }
}