{
  "err": null,
  "input": {
    "ChangeSetName": "arn:aws:cloudformation:%AWS_REGION%:%AWS_ACC_ID%:changeSet/%CHST_ID%/365b02bc-2906-443f-9b52-ef5ea9d3537b",
    "NextToken": null,
    "StackName": null
  },
  "output": {
    "Capabilities": null,
    "ChangeSetId": "arn:aws:cloudformation:%AWS_REGION%:%AWS_ACC_ID%:changeSet/%CHST_ID%/365b02bc-2906-443f-9b52-ef5ea9d3537b",
    "ChangeSetName": "%CHST_ID%",
    "Changes": [
      {
        "ResourceChange": {
          "Action": "Add",
          "Details": null,
          "LogicalResourceId": "EcsCluster",
          "PhysicalResourceId": null,
          "Replacement": null,
          "ResourceType": "AWS::ECS::Cluster",
          "Scope": null
        },
        "Type": "Resource"
      }
    ],
    "CreationTime": "2019-10-15T08:05:54.712Z",
    "Description": null,
    "ExecutionStatus": "AVAILABLE",
    "NextToken": null,
    "NotificationARNs": null,
    "Parameters": [
      {
        "ParameterKey": "env",
        "ParameterValue": "dev",
        "ResolvedValue": null,
        "UsePreviousValue": null
      }
    ],
    "RollbackConfiguration": {
      "MonitoringTimeInMinutes": null,
      "RollbackTriggers": null
    },
    "StackId": "arn:aws:cloudformation:%AWS_REGION%:%AWS_ACC_ID%:stack/stastest-diff1-%SCENARIO_ID%/9c972b30-ef22-11e9-b7b1-0abc432e4032",
    "StackName": "stastest-diff1-%SCENARIO_ID%",
    "Status": "CREATE_COMPLETE",
    "StatusReason": null,
    "Tags": [
      {
        "Key": "STAS_TEST",
        "Value": "%FEATURE_ID%"
      }
    ]
  }
}
