{
  "err": null,
  "input": {
    "ChangeSetName": "arn:aws:cloudformation:%AWS_REGION%:%AWS_ACC_ID%:changeSet/%CHST_ID%/b51e0ee7-57f9-4e05-90e9-5505eb418625",
    "NextToken": null,
    "StackName": null
  },
  "output": {
    "Capabilities": null,
    "ChangeSetId": "arn:aws:cloudformation:%AWS_REGION%:%AWS_ACC_ID%:changeSet/%CHST_ID%/b51e0ee7-57f9-4e05-90e9-5505eb418625",
    "ChangeSetName": "%CHST_ID%",
    "Changes": [
      {
        "ResourceChange": {
          "Action": "Add",
          "Details": null,
          "LogicalResourceId": "EcsCluster",
          "PhysicalResourceId": null,
          "Replacement": null,
          "ResourceType": "AWS::ECS::Cluster",
          "Scope": null
        },
        "Type": "Resource"
      }
    ],
    "CreationTime": "2020-05-21T12:39:07.79Z",
    "Description": null,
    "ExecutionStatus": "AVAILABLE",
    "NextToken": null,
    "NotificationARNs": null,
    "Parameters": null,
    "RollbackConfiguration": {
      "MonitoringTimeInMinutes": null,
      "RollbackTriggers": null
    },
    "StackId": "arn:aws:cloudformation:%AWS_REGION%:%AWS_ACC_ID%:stack/stastest-diff2-%SCENARIO_ID%/1017c3a0-9b60-11ea-8dea-0609dbbf2116",
    "StackName": "stastest-diff2-%SCENARIO_ID%",
    "Status": "CREATE_COMPLETE",
    "StatusReason": null,
    "Tags": [
      {
        "Key": "STAS_TEST",
        "Value": "%FEATURE_ID%"
      }
    ]
  }
}