{
  "err": null,
  "input": {
    "Capabilities": [],
    "ChangeSetName": "%CHST_ID%",
    "ChangeSetType": "CREATE",
    "ClientToken": null,
    "Description": null,
    "NotificationARNs": null,
    "Parameters": null,
    "ResourceTypes": null,
    "RoleARN": null,
    "RollbackConfiguration": null,
    "StackName": "stastest-diff2-%SCENARIO_ID%",
    "Tags": [
      {
        "Key": "STAS_TEST",
        "Value": "%FEATURE_ID%"
      }
    ],
    "TemplateBody": "Resources:\n  EcsCluster:\n    Type: AWS::ECS::Cluster\n    Properties:\n      ClusterName: stastest2-%SCENARIO_ID%",
    "TemplateURL": null,
    "UsePreviousTemplate": null
  },
  "output": {
    "Id": "arn:aws:cloudformation:%AWS_REGION%:%AWS_ACC_ID%:changeSet/%CHST_ID%/b51e0ee7-57f9-4e05-90e9-5505eb418625",
    "StackId": "arn:aws:cloudformation:%AWS_REGION%:%AWS_ACC_ID%:stack/stastest-diff2-%SCENARIO_ID%/1017c3a0-9b60-11ea-8dea-0609dbbf2116"
  }
}