{
  "err": null,
  "input": {
    "NextToken": null,
    "StackName": "stastest-diff2-%SCENARIO_ID%"
  },
  "output": {
    "NextToken": null,
    "Stacks": [
      {
        "Capabilities": null,
        "ChangeSetId": "arn:aws:cloudformation:%AWS_REGION%:%AWS_ACC_ID%:changeSet/%CHST_ID%/02494021-65df-4a23-9c27-80aead34860f",
        "CreationTime": "2019-10-15T08:06:05.474Z",
        "DeletionTime": null,
        "Description": null,
        "DisableRollback": false,
        "DriftInformation": {
          "LastCheckTimestamp": null,
          "StackDriftStatus": "NOT_CHECKED"
        },
        "EnableTerminationProtection": false,
        "LastUpdatedTime": "2019-10-15T08:06:10.082Z",
        "NotificationARNs": null,
        "Outputs": null,
        "Parameters": null,
        "ParentId": null,
        "RoleARN": null,
        "RollbackConfiguration": {
          "MonitoringTimeInMinutes": null,
          "RollbackTriggers": null
        },
        "RootId": null,
        "StackId": "arn:aws:cloudformation:%AWS_REGION%:%AWS_ACC_ID%:stack/stastest-diff2-%SCENARIO_ID%/a302ff80-ef22-11e9-8f62-0ae12681c23c",
        "StackName": "stastest-diff2-%SCENARIO_ID%",
        "StackStatus": "CREATE_COMPLETE",
        "StackStatusReason": null,
        "Tags": [
          {
            "Key": "STAS_TEST",
            "Value": "%FEATURE_ID%"
          }
        ],
        "TimeoutInMinutes": null
      }
    ]
  }
}
