{
  "err": null,
  "input": {
    "NextToken": null,
    "StackName": "stastest-2-%SCENARIO_ID%"
  },
  "output": {
    "NextToken": null,
    "StackEvents": [
      {
        "ClientRequestToken": null,
        "EventId": "22099340-9b60-11ea-b416-0aa024806772",
        "LogicalResourceId": "stastest-2-%SCENARIO_ID%",
        "PhysicalResourceId": "arn:aws:cloudformation:%AWS_REGION%:%AWS_ACC_ID%:stack/stastest-2-%SCENARIO_ID%/1fa627d0-9b60-11ea-a867-06e1cdb6e382",
        "ResourceProperties": null,
        "ResourceStatus": "CREATE_IN_PROGRESS",
        "ResourceStatusReason": "User Initiated",
        "ResourceType": "AWS::CloudFormation::Stack",
        "StackId": "arn:aws:cloudformation:%AWS_REGION%:%AWS_ACC_ID%:stack/stastest-2-%SCENARIO_ID%/1fa627d0-9b60-11ea-a867-06e1cdb6e382",
        "StackName": "stastest-2-%SCENARIO_ID%",
        "Timestamp": "2020-05-21T12:39:37.837Z"
      },
      {
        "ClientRequestToken": null,
        "EventId": "1fa5b2a0-9b60-11ea-a867-06e1cdb6e382",
        "LogicalResourceId": "stastest-2-%SCENARIO_ID%",
        "PhysicalResourceId": "arn:aws:cloudformation:%AWS_REGION%:%AWS_ACC_ID%:stack/stastest-2-%SCENARIO_ID%/1fa627d0-9b60-11ea-a867-06e1cdb6e382",
        "ResourceProperties": null,
        "ResourceStatus": "REVIEW_IN_PROGRESS",
        "ResourceStatusReason": "User Initiated",
        "ResourceType": "AWS::CloudFormation::Stack",
        "StackId": "arn:aws:cloudformation:%AWS_REGION%:%AWS_ACC_ID%:stack/stastest-2-%SCENARIO_ID%/1fa627d0-9b60-11ea-a867-06e1cdb6e382",
        "StackName": "stastest-2-%SCENARIO_ID%",
        "Timestamp": "2020-05-21T12:39:33.889Z"
      }
    ]
  }
}