{
  "err": null,
  "input": {
    "ChangeSetName": "arn:aws:cloudformation:%AWS_REGION%:%AWS_ACC_ID%:changeSet/%CHST_ID-2%/f4f5cbcd-856c-4c14-b6cd-6d2eb97823d2",
    "ClientRequestToken": null,
    "StackName": null
  },
  "output": {}
}
