{
  "err": null,
  "input": {
    "ClientRequestToken": null,
    "RetainResources": null,
    "RoleARN": null,
    "StackName": "stastest-param-sync-single-valid-template-with-parameters-6711189674396786424"
  },
  "output": {}
}
