{
  "err": null,
  "input": {
    "Capabilities": [],
    "ChangeSetName": "%CHST_ID%",
    "ChangeSetType": "CREATE",
    "ClientToken": null,
    "Description": null,
    "NotificationARNs": null,
    "Parameters": null,
    "ResourceTypes": null,
    "ResourcesToImport": null,
    "RoleARN": null,
    "RollbackConfiguration": null,
    "StackName": "stastest-%SCENARIO_ID%",
    "Tags": [
      {
        "Key": "STAS_TEST",
        "Value": "%FEATURE_ID%"
      }
    ],
    "TemplateBody": "Resources:\n  Cluster:\n    Type: AWS::ECS::Cluster\n    Properties:\n      ClusterName: !Ref AWS::StackName",
    "TemplateURL": null,
    "UsePreviousTemplate": null
  },
  "output": {
    "Id": "arn:aws:cloudformation:%AWS_REGION%:%AWS_ACC_ID%:changeSet/%CHST_ID%/73b33406-437f-490e-adf3-c3ab86723e62",
    "StackId": "arn:aws:cloudformation:%AWS_REGION%:%AWS_ACC_ID%:stack/stastest-%SCENARIO_ID%/cd8fc640-b6bc-11ea-86e0-0a2c3f6a2a32"
  }
}