{
  "err": null,
  "input": {
    "NextToken": null,
    "StackName": "stastest-block-%SCENARIO_ID%"
  },
  "output": {
    "NextToken": null,
    "StackEvents": [
      {
        "ClientRequestToken": null,
        "EventId": "27912210-9b60-11ea-8d10-0adcb29bafe2",
        "LogicalResourceId": "stastest-block-%SCENARIO_ID%",
        "PhysicalResourceId": "arn:aws:cloudformation:%AWS_REGION%:%AWS_ACC_ID%:stack/stastest-block-%SCENARIO_ID%/25449a00-9b60-11ea-bb7b-0a9bdcf5c20a",
        "ResourceProperties": null,
        "ResourceStatus": "CREATE_IN_PROGRESS",
        "ResourceStatusReason": "User Initiated",
        "ResourceType": "AWS::CloudFormation::Stack",
        "StackId": "arn:aws:cloudformation:%AWS_REGION%:%AWS_ACC_ID%:stack/stastest-block-%SCENARIO_ID%/25449a00-9b60-11ea-bb7b-0a9bdcf5c20a",
        "StackName": "stastest-block-%SCENARIO_ID%",
        "Timestamp": "2020-05-21T12:39:47.11Z"
      },
      {
        "ClientRequestToken": null,
        "EventId": "254424d0-9b60-11ea-bb7b-0a9bdcf5c20a",
        "LogicalResourceId": "stastest-block-%SCENARIO_ID%",
        "PhysicalResourceId": "arn:aws:cloudformation:%AWS_REGION%:%AWS_ACC_ID%:stack/stastest-block-%SCENARIO_ID%/25449a00-9b60-11ea-bb7b-0a9bdcf5c20a",
        "ResourceProperties": null,
        "ResourceStatus": "REVIEW_IN_PROGRESS",
        "ResourceStatusReason": "User Initiated",
        "ResourceType": "AWS::CloudFormation::Stack",
        "StackId": "arn:aws:cloudformation:%AWS_REGION%:%AWS_ACC_ID%:stack/stastest-block-%SCENARIO_ID%/25449a00-9b60-11ea-bb7b-0a9bdcf5c20a",
        "StackName": "stastest-block-%SCENARIO_ID%",
        "Timestamp": "2020-05-21T12:39:43.318Z"
      }
    ]
  }
}