{
  "err": null,
  "input": {
    "NextToken": null,
    "StackName": "stastest-bucket-%SCENARIO_ID%"
  },
  "output": ""
}