{
  "err": null,
  "input": {
    "Capabilities": [],
    "ChangeSetName": "%CHST_ID%",
    "ChangeSetType": "CREATE",
    "ClientToken": null,
    "Description": null,
    "NotificationARNs": null,
    "Parameters": null,
    "ResourceTypes": null,
    "ResourcesToImport": null,
    "RoleARN": null,
    "RollbackConfiguration": null,
    "StackName": "stastest-%SCENARIO_ID%",
    "Tags": [
      {
        "Key": "STAS_TEST",
        "Value": "%FEATURE_ID%"
      }
    ],
    "TemplateBody": null,
    "TemplateURL": "https://stack-assembly-tmp-1593073541576917622-20af0ecf.s3.%AWS_REGION%.amazonaws.com/stack-assembly",
    "UsePreviousTemplate": null
  },
  "output": {
    "Id": "arn:aws:cloudformation:%AWS_REGION%:%AWS_ACC_ID%:changeSet/%CHST_ID%/ecfe7632-49f2-4bb0-840a-3cbf105458d1",
    "StackId": "arn:aws:cloudformation:%AWS_REGION%:%AWS_ACC_ID%:stack/stastest-%SCENARIO_ID%/7468c980-b6bd-11ea-8df2-027d0216890a"
  }
}