{
  "err": null,
  "input": {
    "ChangeSetName": "arn:aws:cloudformation:%AWS_REGION%:%AWS_ACC_ID%:changeSet/%CHST_ID%/3c0f0246-4955-4d3b-954e-3f1c352c21a4",
    "ClientRequestToken": null,
    "StackName": null
  },
  "output": {}
}