{
  "err": null,
  "input": {
    "ChangeSetName": "arn:aws:cloudformation:%AWS_REGION%:%AWS_ACC_ID%:changeSet/%CHST_ID-2%/88b42b02-e418-464c-8a50-4700458dd115",
    "NextToken": null,
    "StackName": null
  },
  "output": {
    "Capabilities": null,
    "ChangeSetId": "arn:aws:cloudformation:%AWS_REGION%:%AWS_ACC_ID%:changeSet/%CHST_ID-2%/88b42b02-e418-464c-8a50-4700458dd115",
    "ChangeSetName": "%CHST_ID-2%",
    "Changes": [
      {
        "ResourceChange": {
          "Action": "Modify",
          "Details": [
            {
              "CausingEntity": null,
              "ChangeSource": "DirectModification",
              "Evaluation": "Static",
              "Target": {
                "Attribute": "Properties",
                "Name": "ClusterName",
                "RequiresRecreation": "Always"
              }
            }
          ],
          "LogicalResourceId": "EcsCluster1",
          "PhysicalResourceId": "stastest-%SCENARIO_ID%",
          "Replacement": "True",
          "ResourceType": "AWS::ECS::Cluster",
          "Scope": [
            "Properties"
          ]
        },
        "Type": "Resource"
      }
    ],
    "CreationTime": "2019-10-15T08:09:13.7Z",
    "Description": null,
    "ExecutionStatus": "AVAILABLE",
    "NextToken": null,
    "NotificationARNs": null,
    "Parameters": null,
    "RollbackConfiguration": {
      "MonitoringTimeInMinutes": null,
      "RollbackTriggers": null
    },
    "StackId": "arn:aws:cloudformation:%AWS_REGION%:%AWS_ACC_ID%:stack/stastest-block-%SCENARIO_ID%/0cf4bb90-ef23-11e9-a446-0677a5c9174c",
    "StackName": "stastest-block-%SCENARIO_ID%",
    "Status": "CREATE_COMPLETE",
    "StatusReason": null,
    "Tags": [
      {
        "Key": "STAS_TEST",
        "Value": "%FEATURE_ID%"
      }
    ]
  }
}
