{
  "err": null,
  "input": {
    "NextToken": null,
    "StackName": null
  },
  "output": {
    "NextToken": null,
    "Stacks": [
      {
        "Capabilities": null,
        "ChangeSetId": null,
        "CreationTime": "2019-10-15T08:09:03.164Z",
        "DeletionTime": null,
        "Description": null,
        "DisableRollback": false,
        "DriftInformation": {
          "LastCheckTimestamp": null,
          "StackDriftStatus": "NOT_CHECKED"
        },
        "EnableTerminationProtection": null,
        "LastUpdatedTime": "2019-10-15T08:09:16.093Z",
        "NotificationARNs": null,
        "Outputs": null,
        "Parameters": null,
        "ParentId": null,
        "RoleARN": null,
        "RollbackConfiguration": {
          "MonitoringTimeInMinutes": 1,
          "RollbackTriggers": [
            {
              "Arn": "arn:aws:cloudwatch:%AWS_REGION%:%AWS_ACC_ID%:alarm:stastest-%SCENARIO_ID%",
              "Type": "AWS::CloudWatch::Alarm"
            }
          ]
        },
        "RootId": null,
        "StackId": "arn:aws:cloudformation:%AWS_REGION%:%AWS_ACC_ID%:stack/stastest-%SCENARIO_ID%/0cebe1f0-ef23-11e9-b375-0276cc331c40",
        "StackName": "stastest-%SCENARIO_ID%",
        "StackStatus": "UPDATE_ROLLBACK_COMPLETE",
        "StackStatusReason": null,
        "Tags": [
          {
            "Key": "STAS_TEST",
            "Value": "%FEATURE_ID%"
          }
        ],
        "TimeoutInMinutes": null
      },
      {
        "Capabilities": null,
        "ChangeSetId": "arn:aws:cloudformation:%AWS_REGION%:%AWS_ACC_ID%:changeSet/chst-1571126857263726112/0b8a7e74-9f45-4d62-bdce-8c2d1ea5129b",
        "CreationTime": "2019-10-15T08:07:37.399Z",
        "DeletionTime": null,
        "Description": null,
        "DisableRollback": false,
        "DriftInformation": {
          "LastCheckTimestamp": null,
          "StackDriftStatus": "NOT_CHECKED"
        },
        "EnableTerminationProtection": null,
        "LastUpdatedTime": "2019-10-15T08:07:40.478Z",
        "NotificationARNs": null,
        "Outputs": null,
        "Parameters": [
          {
            "ParameterKey": "version",
            "ParameterValue": "1-2-3",
            "ResolvedValue": null,
            "UsePreviousValue": null
          }
        ],
        "ParentId": null,
        "RoleARN": null,
        "RollbackConfiguration": {
          "MonitoringTimeInMinutes": null,
          "RollbackTriggers": null
        },
        "RootId": null,
        "StackId": "arn:aws:cloudformation:%AWS_REGION%:%AWS_ACC_ID%:stack/stastest-deploy-single-template-with-parameters-2755822722945434975/d9cbf620-ef22-11e9-bb32-0ad4772b7a1e",
        "StackName": "stastest-deploy-single-template-with-parameters-2755822722945434975",
        "StackStatus": "CREATE_COMPLETE",
        "StackStatusReason": null,
        "Tags": null,
        "TimeoutInMinutes": null
      },
      {
        "Capabilities": null,
        "ChangeSetId": "arn:aws:cloudformation:%AWS_REGION%:%AWS_ACC_ID%:changeSet/chst-1571126847290706287/4c7f6b96-439a-49b9-9ee8-0f3f8a930b3d",
        "CreationTime": "2019-10-15T08:07:27.47Z",
        "DeletionTime": null,
        "Description": null,
        "DisableRollback": false,
        "DriftInformation": {
          "LastCheckTimestamp": null,
          "StackDriftStatus": "NOT_CHECKED"
        },
        "EnableTerminationProtection": null,
        "LastUpdatedTime": "2019-10-15T08:07:30.364Z",
        "NotificationARNs": null,
        "Outputs": null,
        "Parameters": null,
        "ParentId": null,
        "RoleARN": null,
        "RollbackConfiguration": {
          "MonitoringTimeInMinutes": null,
          "RollbackTriggers": null
        },
        "RootId": null,
        "StackId": "arn:aws:cloudformation:%AWS_REGION%:%AWS_ACC_ID%:stack/stastest-deploy-single-template-5982618936623128412/d3e2bf50-ef22-11e9-92d1-02078729aa3e",
        "StackName": "stastest-deploy-single-template-5982618936623128412",
        "StackStatus": "CREATE_COMPLETE",
        "StackStatusReason": null,
        "Tags": null,
        "TimeoutInMinutes": null
      },
      {
        "Capabilities": null,
        "ChangeSetId": null,
        "CreationTime": "2019-10-15T08:07:10.357Z",
        "DeletionTime": null,
        "Description": null,
        "DisableRollback": false,
        "DriftInformation": {
          "LastCheckTimestamp": null,
          "StackDriftStatus": "NOT_CHECKED"
        },
        "EnableTerminationProtection": null,
        "LastUpdatedTime": null,
        "NotificationARNs": null,
        "Outputs": null,
        "Parameters": null,
        "ParentId": null,
        "RoleARN": null,
        "RollbackConfiguration": {
          "MonitoringTimeInMinutes": null,
          "RollbackTriggers": null
        },
        "RootId": null,
        "StackId": "arn:aws:cloudformation:%AWS_REGION%:%AWS_ACC_ID%:stack/stastest-reject-syncing-4250768068230714848/c9af34a0-ef22-11e9-a446-0677a5c9174c",
        "StackName": "stastest-reject-syncing-4250768068230714848",
        "StackStatus": "REVIEW_IN_PROGRESS",
        "StackStatusReason": "User Initiated",
        "Tags": null,
        "TimeoutInMinutes": null
      },
      {
        "Capabilities": null,
        "ChangeSetId": null,
        "CreationTime": "2019-10-15T08:07:05.518Z",
        "DeletionTime": null,
        "Description": null,
        "DisableRollback": false,
        "DriftInformation": {
          "LastCheckTimestamp": null,
          "StackDriftStatus": "NOT_CHECKED"
        },
        "EnableTerminationProtection": null,
        "LastUpdatedTime": null,
        "NotificationARNs": null,
        "Outputs": null,
        "Parameters": null,
        "ParentId": null,
        "RoleARN": null,
        "RollbackConfiguration": {
          "MonitoringTimeInMinutes": null,
          "RollbackTriggers": null
        },
        "RootId": null,
        "StackId": "arn:aws:cloudformation:%AWS_REGION%:%AWS_ACC_ID%:stack/stastest-show-diff-5783488493553651645/c6cc11e0-ef22-11e9-bc61-0234dfcdb558",
        "StackName": "stastest-show-diff-5783488493553651645",
        "StackStatus": "REVIEW_IN_PROGRESS",
        "StackStatusReason": "User Initiated",
        "Tags": null,
        "TimeoutInMinutes": null
      },
      {
        "Capabilities": null,
        "ChangeSetId": null,
        "CreationTime": "2019-10-15T08:07:01.189Z",
        "DeletionTime": null,
        "Description": null,
        "DisableRollback": false,
        "DriftInformation": {
          "LastCheckTimestamp": null,
          "StackDriftStatus": "NOT_CHECKED"
        },
        "EnableTerminationProtection": null,
        "LastUpdatedTime": null,
        "NotificationARNs": null,
        "Outputs": null,
        "Parameters": null,
        "ParentId": null,
        "RoleARN": null,
        "RollbackConfiguration": {
          "MonitoringTimeInMinutes": null,
          "RollbackTriggers": null
        },
        "RootId": null,
        "StackId": "arn:aws:cloudformation:%AWS_REGION%:%AWS_ACC_ID%:stack/stastest-fail1-sync-fails-on-the-stage-of-change-set-creation-1192915350465976012/c43ba300-ef22-11e9-bccd-02abe6210ac8",
        "StackName": "stastest-fail1-sync-fails-on-the-stage-of-change-set-creation-1192915350465976012",
        "StackStatus": "REVIEW_IN_PROGRESS",
        "StackStatusReason": "User Initiated",
        "Tags": null,
        "TimeoutInMinutes": null
      },
      {
        "Capabilities": null,
        "ChangeSetId": "arn:aws:cloudformation:%AWS_REGION%:%AWS_ACC_ID%:changeSet/chst-1552905913973674182/702a3f7e-9b60-47f1-8724-656a17dbca99",
        "CreationTime": "2019-03-18T10:34:57.218Z",
        "DeletionTime": null,
        "Description": null,
        "DisableRollback": false,
        "DriftInformation": {
          "LastCheckTimestamp": null,
          "StackDriftStatus": "NOT_CHECKED"
        },
        "EnableTerminationProtection": null,
        "LastUpdatedTime": "2019-03-18T10:45:27.317Z",
        "NotificationARNs": null,
        "Outputs": null,
        "Parameters": [
          {
            "ParameterKey": "TopicName",
            "ParameterValue": "mydemo-sns",
            "ResolvedValue": null,
            "UsePreviousValue": null
          }
        ],
        "ParentId": null,
        "RoleARN": null,
        "RollbackConfiguration": {
          "MonitoringTimeInMinutes": null,
          "RollbackTriggers": null
        },
        "RootId": null,
        "StackId": "arn:aws:cloudformation:%AWS_REGION%:%AWS_ACC_ID%:stack/demo-sns/79989fb0-4969-11e9-9e49-0290198c1bb6",
        "StackName": "demo-sns",
        "StackStatus": "UPDATE_COMPLETE",
        "StackStatusReason": null,
        "Tags": null,
        "TimeoutInMinutes": null
      },
      {
        "Capabilities": [
          "CAPABILITY_IAM"
        ],
        "ChangeSetId": "arn:aws:cloudformation:%AWS_REGION%:%AWS_ACC_ID%:changeSet/chst-1547979901558732092/57fef91c-30e6-45ef-b130-7f5fb1c430a5",
        "CreationTime": "2019-01-20T10:25:02.03Z",
        "DeletionTime": null,
        "Description": null,
        "DisableRollback": false,
        "DriftInformation": {
          "LastCheckTimestamp": null,
          "StackDriftStatus": "NOT_CHECKED"
        },
        "EnableTerminationProtection": null,
        "LastUpdatedTime": "2019-01-20T10:25:06.071Z",
        "NotificationARNs": null,
        "Outputs": null,
        "Parameters": [
          {
            "ParameterKey": "ClusterName",
            "ParameterValue": "mydemo-ecs",
            "ResolvedValue": null,
            "UsePreviousValue": null
          }
        ],
        "ParentId": null,
        "RoleARN": null,
        "RollbackConfiguration": {
          "MonitoringTimeInMinutes": null,
          "RollbackTriggers": null
        },
        "RootId": null,
        "StackId": "arn:aws:cloudformation:%AWS_REGION%:%AWS_ACC_ID%:stack/demo-ecs/a548ddd0-1c9d-11e9-9aaf-0ae15a4dadda",
        "StackName": "demo-ecs",
        "StackStatus": "CREATE_COMPLETE",
        "StackStatusReason": null,
        "Tags": null,
        "TimeoutInMinutes": null
      },
      {
        "Capabilities": [
          "CAPABILITY_IAM"
        ],
        "ChangeSetId": null,
        "CreationTime": "2018-12-28T12:06:51.649Z",
        "DeletionTime": null,
        "Description": null,
        "DisableRollback": false,
        "DriftInformation": {
          "LastCheckTimestamp": null,
          "StackDriftStatus": "NOT_CHECKED"
        },
        "EnableTerminationProtection": null,
        "LastUpdatedTime": "2019-02-09T10:29:11.214Z",
        "NotificationARNs": null,
        "Outputs": [
          {
            "Description": null,
            "ExportName": "hello1-Topic-Arn",
            "OutputKey": "TopicArn",
            "OutputValue": "arn:aws:sns:%AWS_REGION%:%AWS_ACC_ID%:hohoho"
          }
        ],
        "Parameters": [
          {
            "ParameterKey": "Topic2",
            "ParameterValue": "world",
            "ResolvedValue": null,
            "UsePreviousValue": null
          },
          {
            "ParameterKey": "Topic",
            "ParameterValue": "hohoho",
            "ResolvedValue": null,
            "UsePreviousValue": null
          }
        ],
        "ParentId": null,
        "RoleARN": null,
        "RollbackConfiguration": {
          "MonitoringTimeInMinutes": null,
          "RollbackTriggers": null
        },
        "RootId": null,
        "StackId": "arn:aws:cloudformation:%AWS_REGION%:%AWS_ACC_ID%:stack/hello1/0f6879d0-0a99-11e9-8173-061b9f50c2ce",
        "StackName": "hello1",
        "StackStatus": "UPDATE_ROLLBACK_COMPLETE",
        "StackStatusReason": null,
        "Tags": null,
        "TimeoutInMinutes": null
      },
      {
        "Capabilities": [
          "CAPABILITY_IAM"
        ],
        "ChangeSetId": "arn:aws:cloudformation:%AWS_REGION%:%AWS_ACC_ID%:changeSet/chst-1545998787700003411/a52c09c0-29c5-4242-874c-5b49bb96697f",
        "CreationTime": "2018-12-28T12:06:28.025Z",
        "DeletionTime": null,
        "Description": null,
        "DisableRollback": false,
        "DriftInformation": {
          "LastCheckTimestamp": null,
          "StackDriftStatus": "NOT_CHECKED"
        },
        "EnableTerminationProtection": null,
        "LastUpdatedTime": "2018-12-28T12:06:32.819Z",
        "NotificationARNs": null,
        "Outputs": null,
        "Parameters": [
          {
            "ParameterKey": "Sns2",
            "ParameterValue": "foo",
            "ResolvedValue": null,
            "UsePreviousValue": null
          },
          {
            "ParameterKey": "Sns1",
            "ParameterValue": "sns1",
            "ResolvedValue": null,
            "UsePreviousValue": null
          }
        ],
        "ParentId": null,
        "RoleARN": null,
        "RollbackConfiguration": {
          "MonitoringTimeInMinutes": null,
          "RollbackTriggers": null
        },
        "RootId": null,
        "StackId": "arn:aws:cloudformation:%AWS_REGION%:%AWS_ACC_ID%:stack/hello2/01534820-0a99-11e9-af81-0a99a68566c4",
        "StackName": "hello2",
        "StackStatus": "CREATE_COMPLETE",
        "StackStatusReason": null,
        "Tags": null,
        "TimeoutInMinutes": null
      }
    ]
  }
}
