{
  "err": null,
  "input": {
    "ChangeSetName": "arn:aws:cloudformation:%AWS_REGION%:%AWS_ACC_ID%:changeSet/%CHST_ID%/d10012f8-cae2-43ab-b993-8aff0dca7767",
    "ClientRequestToken": null,
    "StackName": null
  },
  "output": {}
}