{
  "err": null,
  "input": {
    "NextToken": null,
    "StackName": "stastest-%SCENARIO_ID%"
  },
  "output": {
    "NextToken": null,
    "StackEvents": [
      {
        "ClientRequestToken": null,
        "EventId": "ed7009a0-ef22-11e9-8305-020193028d12",
        "LogicalResourceId": "stastest-%SCENARIO_ID%",
        "PhysicalResourceId": "arn:aws:cloudformation:%AWS_REGION%:%AWS_ACC_ID%:stack/stastest-%SCENARIO_ID%/eb8b9230-ef22-11e9-8f65-06c34fd08df4",
        "ResourceProperties": null,
        "ResourceStatus": "CREATE_IN_PROGRESS",
        "ResourceStatusReason": "User Initiated",
        "ResourceType": "AWS::CloudFormation::Stack",
        "StackId": "arn:aws:cloudformation:%AWS_REGION%:%AWS_ACC_ID%:stack/stastest-%SCENARIO_ID%/eb8b9230-ef22-11e9-8f65-06c34fd08df4",
        "StackName": "stastest-%SCENARIO_ID%",
        "Timestamp": "2019-10-15T08:08:10.281Z"
      },
      {
        "ClientRequestToken": null,
        "EventId": "eb8b1d00-ef22-11e9-8f65-06c34fd08df4",
        "LogicalResourceId": "stastest-%SCENARIO_ID%",
        "PhysicalResourceId": "arn:aws:cloudformation:%AWS_REGION%:%AWS_ACC_ID%:stack/stastest-%SCENARIO_ID%/eb8b9230-ef22-11e9-8f65-06c34fd08df4",
        "ResourceProperties": null,
        "ResourceStatus": "REVIEW_IN_PROGRESS",
        "ResourceStatusReason": "User Initiated",
        "ResourceType": "AWS::CloudFormation::Stack",
        "StackId": "arn:aws:cloudformation:%AWS_REGION%:%AWS_ACC_ID%:stack/stastest-%SCENARIO_ID%/eb8b9230-ef22-11e9-8f65-06c34fd08df4",
        "StackName": "stastest-%SCENARIO_ID%",
        "Timestamp": "2019-10-15T08:08:07.167Z"
      }
    ]
  }
}
