{
  "err": null,
  "input": {
    "NextToken": null,
    "StackName": "stastest-%SCENARIO_ID%"
  },
  "output": {
    "NextToken": null,
    "Stacks": [
      {
        "Capabilities": null,
        "ChangeSetId": "arn:aws:cloudformation:%AWS_REGION%:%AWS_ACC_ID%:changeSet/%CHST_ID%/3d493f6c-1ae0-45f3-83e7-2573a40958e7",
        "CreationTime": "2019-10-15T08:08:07.167Z",
        "DeletionTime": null,
        "Description": null,
        "DisableRollback": false,
        "DriftInformation": {
          "LastCheckTimestamp": null,
          "StackDriftStatus": "NOT_CHECKED"
        },
        "EnableTerminationProtection": false,
        "LastUpdatedTime": "2019-10-15T08:08:10.281Z",
        "NotificationARNs": null,
        "Outputs": null,
        "Parameters": null,
        "ParentId": null,
        "RoleARN": null,
        "RollbackConfiguration": {
          "MonitoringTimeInMinutes": null,
          "RollbackTriggers": null
        },
        "RootId": null,
        "StackId": "arn:aws:cloudformation:%AWS_REGION%:%AWS_ACC_ID%:stack/stastest-%SCENARIO_ID%/eb8b9230-ef22-11e9-8f65-06c34fd08df4",
        "StackName": "stastest-%SCENARIO_ID%",
        "StackStatus": "CREATE_COMPLETE",
        "StackStatusReason": null,
        "Tags": [
          {
            "Key": "STAS_TEST",
            "Value": "%FEATURE_ID%"
          }
        ],
        "TimeoutInMinutes": null
      }
    ]
  }
}
