{
  "err": null,
  "input": {
    "NextToken": null,
    "StackName": "stack-tpl-dev-%SCENARIO_ID%"
  },
  "output": ""
}
