{
  "err": null,
  "input": {
    "ChangeSetName": "arn:aws:cloudformation:%AWS_REGION%:%AWS_ACC_ID%:changeSet/%CHST_ID-2%/d55a6890-5890-437f-9397-24f35d5c9559",
    "NextToken": null,
    "StackName": null
  },
  "output": {
    "Capabilities": null,
    "ChangeSetId": "arn:aws:cloudformation:%AWS_REGION%:%AWS_ACC_ID%:changeSet/%CHST_ID-2%/d55a6890-5890-437f-9397-24f35d5c9559",
    "ChangeSetName": "%CHST_ID-2%",
    "Changes": [
      {
        "ResourceChange": {
          "Action": "Modify",
          "Details": [
            {
              "CausingEntity": "Env",
              "ChangeSource": "ParameterReference",
              "Evaluation": "Static",
              "Target": {
                "Attribute": "Properties",
                "Name": "Name",
                "RequiresRecreation": "Conditionally"
              }
            },
            {
              "CausingEntity": null,
              "ChangeSource": "DirectModification",
              "Evaluation": "Dynamic",
              "Target": {
                "Attribute": "Properties",
                "Name": "Name",
                "RequiresRecreation": "Conditionally"
              }
            }
          ],
          "LogicalResourceId": "MyeSecret",
          "PhysicalResourceId": "arn:aws:secretsmanager:%AWS_REGION%:%AWS_ACC_ID%:secret:stastest-rmparam-%SCENARIO_ID%-secret-dev-GzwXji",
          "Replacement": "Conditional",
          "ResourceType": "AWS::SecretsManager::Secret",
          "Scope": [
            "Properties"
          ]
        },
        "Type": "Resource"
      }
    ],
    "CreationTime": "2019-10-15T08:07:28.587Z",
    "Description": null,
    "ExecutionStatus": "AVAILABLE",
    "NextToken": null,
    "NotificationARNs": null,
    "Parameters": [
      {
        "ParameterKey": "Env",
        "ParameterValue": "prod",
        "ResolvedValue": null,
        "UsePreviousValue": null
      },
      {
        "ParameterKey": "Password",
        "ParameterValue": "****",
        "ResolvedValue": null,
        "UsePreviousValue": null
      }
    ],
    "RollbackConfiguration": {
      "MonitoringTimeInMinutes": null,
      "RollbackTriggers": null
    },
    "StackId": "arn:aws:cloudformation:%AWS_REGION%:%AWS_ACC_ID%:stack/stastest-rmparam-%SCENARIO_ID%/ce930960-ef22-11e9-a50d-0aac5439e4be",
    "StackName": "stastest-rmparam-%SCENARIO_ID%",
    "Status": "CREATE_COMPLETE",
    "StatusReason": null,
    "Tags": [
      {
        "Key": "STAS_TEST",
        "Value": "%FEATURE_ID%"
      }
    ]
  }
}
