{
  "err": null,
  "input": {
    "Capabilities": [],
    "ChangeSetName": "%CHST_ID%",
    "ChangeSetType": "CREATE",
    "ClientToken": null,
    "Description": null,
    "NotificationARNs": null,
    "Parameters": null,
    "ResourceTypes": null,
    "RoleARN": null,
    "RollbackConfiguration": null,
    "StackName": "stastest-defaultparam-%SCENARIO_ID%",
    "Tags": [
      {
        "Key": "STAS_TEST",
        "Value": "%FEATURE_ID%"
      }
    ],
    "TemplateBody": "Parameters:\n  Env:\n    Type: String\n    Default: dev\n\nResources:\n  EcsCluster:\n    Type: AWS::ECS::Cluster\n    Properties:\n      ClusterName: !Sub \"${AWS::StackName}-${Env}\"",
    "TemplateURL": null,
    "UsePreviousTemplate": null
  },
  "output": {
    "Id": "arn:aws:cloudformation:%AWS_REGION%:%AWS_ACC_ID%:changeSet/%CHST_ID%/d2bd5795-dae2-4c28-aff6-f23ca1d22d12",
    "StackId": "arn:aws:cloudformation:%AWS_REGION%:%AWS_ACC_ID%:stack/stastest-defaultparam-%SCENARIO_ID%/5156f340-9b60-11ea-bc9c-0615f1e712e0"
  }
}