{
  "err": null,
  "input": {
    "NextToken": null,
    "StackName": "stastest-bucket-%SCENARIO_ID%"
  },
  "output": {
    "NextToken": null,
    "StackEvents": [
      {
        "ClientRequestToken": null,
        "EventId": "71b08160-9b60-11ea-8413-066a04218648",
        "LogicalResourceId": "stastest-bucket-%SCENARIO_ID%",
        "PhysicalResourceId": "arn:aws:cloudformation:%AWS_REGION%:%AWS_ACC_ID%:stack/stastest-bucket-%SCENARIO_ID%/71b0f690-9b60-11ea-8413-066a04218648",
        "ResourceProperties": null,
        "ResourceStatus": "REVIEW_IN_PROGRESS",
        "ResourceStatusReason": "User Initiated",
        "ResourceType": "AWS::CloudFormation::Stack",
        "StackId": "arn:aws:cloudformation:%AWS_REGION%:%AWS_ACC_ID%:stack/stastest-bucket-%SCENARIO_ID%/71b0f690-9b60-11ea-8413-066a04218648",
        "StackName": "stastest-bucket-%SCENARIO_ID%",
        "Timestamp": "2020-05-21T12:41:51.524Z"
      }
    ]
  }
}