{
  "err": null,
  "input": {
    "ClientRequestToken": null,
    "RetainResources": null,
    "RoleARN": null,
    "StackName": "stastest-reusing-stacks-6289239065077026141"
  },
  "output": {}
}
