{
  "err": null,
  "input": {
    "NextToken": null,
    "StackName": "stastest-tplexec-%SCENARIO_ID%"
  },
  "output": {
    "NextToken": null,
    "StackEvents": [
      {
        "ClientRequestToken": null,
        "EventId": "Cluster-CREATE_IN_PROGRESS-2020-05-21T12:41:40.992Z",
        "LogicalResourceId": "Cluster",
        "PhysicalResourceId": "",
        "ResourceProperties": "{\"ClusterName\":\"stastest-tplexec-%SCENARIO_ID%\"}",
        "ResourceStatus": "CREATE_IN_PROGRESS",
        "ResourceStatusReason": null,
        "ResourceType": "AWS::ECS::Cluster",
        "StackId": "arn:aws:cloudformation:%AWS_REGION%:%AWS_ACC_ID%:stack/stastest-tplexec-%SCENARIO_ID%/6730d280-9b60-11ea-82ca-02bb3de2f99e",
        "StackName": "stastest-tplexec-%SCENARIO_ID%",
        "Timestamp": "2020-05-21T12:41:40.992Z"
      },
      {
        "ClientRequestToken": null,
        "EventId": "698a52e0-9b60-11ea-ae09-06c1d1eeaccc",
        "LogicalResourceId": "stastest-tplexec-%SCENARIO_ID%",
        "PhysicalResourceId": "arn:aws:cloudformation:%AWS_REGION%:%AWS_ACC_ID%:stack/stastest-tplexec-%SCENARIO_ID%/6730d280-9b60-11ea-82ca-02bb3de2f99e",
        "ResourceProperties": null,
        "ResourceStatus": "CREATE_IN_PROGRESS",
        "ResourceStatusReason": "User Initiated",
        "ResourceType": "AWS::CloudFormation::Stack",
        "StackId": "arn:aws:cloudformation:%AWS_REGION%:%AWS_ACC_ID%:stack/stastest-tplexec-%SCENARIO_ID%/6730d280-9b60-11ea-82ca-02bb3de2f99e",
        "StackName": "stastest-tplexec-%SCENARIO_ID%",
        "Timestamp": "2020-05-21T12:41:37.797Z"
      },
      {
        "ClientRequestToken": null,
        "EventId": "67308460-9b60-11ea-82ca-02bb3de2f99e",
        "LogicalResourceId": "stastest-tplexec-%SCENARIO_ID%",
        "PhysicalResourceId": "arn:aws:cloudformation:%AWS_REGION%:%AWS_ACC_ID%:stack/stastest-tplexec-%SCENARIO_ID%/6730d280-9b60-11ea-82ca-02bb3de2f99e",
        "ResourceProperties": null,
        "ResourceStatus": "REVIEW_IN_PROGRESS",
        "ResourceStatusReason": "User Initiated",
        "ResourceType": "AWS::CloudFormation::Stack",
        "StackId": "arn:aws:cloudformation:%AWS_REGION%:%AWS_ACC_ID%:stack/stastest-tplexec-%SCENARIO_ID%/6730d280-9b60-11ea-82ca-02bb3de2f99e",
        "StackName": "stastest-tplexec-%SCENARIO_ID%",
        "Timestamp": "2020-05-21T12:41:33.914Z"
      }
    ]
  }
}