{
  "err": null,
  "input": {
    "NextToken": null,
    "StackName": null
  },
  "output": {
    "NextToken": null,
    "Stacks": [
      {
        "Capabilities": null,
        "ChangeSetId": "arn:aws:cloudformation:%AWS_REGION%:%AWS_ACC_ID%:changeSet/chst-1590064830277730101/2d571dc9-3d1f-47fe-80e9-d03f452b01f5",
        "CreationTime": "2020-05-21T12:40:24.15Z",
        "DeletionTime": null,
        "Description": null,
        "DisableRollback": false,
        "DriftInformation": {
          "LastCheckTimestamp": null,
          "StackDriftStatus": "NOT_CHECKED"
        },
        "EnableTerminationProtection": null,
        "LastUpdatedTime": "2020-05-21T12:40:28.047Z",
        "NotificationARNs": null,
        "Outputs": null,
        "Parameters": null,
        "ParentId": null,
        "RoleARN": null,
        "RollbackConfiguration": {
          "MonitoringTimeInMinutes": null,
          "RollbackTriggers": null
        },
        "RootId": null,
        "StackId": "arn:aws:cloudformation:%AWS_REGION%:%AWS_ACC_ID%:stack/stastest-2-nested-stacks--2-levels--671671277237625995/3d9b6020-9b60-11ea-94d6-026ecba91d00",
        "StackName": "stastest-2-nested-stacks--2-levels--671671277237625995",
        "StackStatus": "CREATE_IN_PROGRESS",
        "StackStatusReason": null,
        "Tags": [
          {
            "Key": "STAS_TEST",
            "Value": "4479086529395759435"
          }
        ],
        "TimeoutInMinutes": null
      },
      {
        "Capabilities": null,
        "ChangeSetId": "arn:aws:cloudformation:%AWS_REGION%:%AWS_ACC_ID%:changeSet/%CHST_ID%/e67811c7-0523-4065-aadd-a83b73c2628c",
        "CreationTime": "2020-05-21T12:40:13.865Z",
        "DeletionTime": null,
        "Description": null,
        "DisableRollback": false,
        "DriftInformation": {
          "LastCheckTimestamp": null,
          "StackDriftStatus": "NOT_CHECKED"
        },
        "EnableTerminationProtection": null,
        "LastUpdatedTime": "2020-05-21T12:40:17.68Z",
        "NotificationARNs": null,
        "Outputs": null,
        "Parameters": null,
        "ParentId": null,
        "RoleARN": null,
        "RollbackConfiguration": {
          "MonitoringTimeInMinutes": null,
          "RollbackTriggers": null
        },
        "RootId": null,
        "StackId": "arn:aws:cloudformation:%AWS_REGION%:%AWS_ACC_ID%:stack/stastest-%SCENARIO_ID%/377a2960-9b60-11ea-901a-0abd335268a4",
        "StackName": "stastest-%SCENARIO_ID%",
        "StackStatus": "CREATE_COMPLETE",
        "StackStatusReason": null,
        "Tags": [
          {
            "Key": "STAS_TEST",
            "Value": "%FEATURE_ID%"
          }
        ],
        "TimeoutInMinutes": null
      },
      {
        "Capabilities": null,
        "ChangeSetId": "arn:aws:cloudformation:%AWS_REGION%:%AWS_ACC_ID%:changeSet/chst-1590064813255882091/34701355-3f2a-41b8-8e35-296d34ed1875",
        "CreationTime": "2020-05-21T12:40:07.184Z",
        "DeletionTime": null,
        "Description": null,
        "DisableRollback": false,
        "DriftInformation": {
          "LastCheckTimestamp": null,
          "StackDriftStatus": "NOT_CHECKED"
        },
        "EnableTerminationProtection": null,
        "LastUpdatedTime": "2020-05-21T12:40:11.036Z",
        "NotificationARNs": null,
        "Outputs": null,
        "Parameters": null,
        "ParentId": null,
        "RoleARN": null,
        "RollbackConfiguration": {
          "MonitoringTimeInMinutes": null,
          "RollbackTriggers": null
        },
        "RootId": null,
        "StackId": "arn:aws:cloudformation:%AWS_REGION%:%AWS_ACC_ID%:stack/stastest-1-nested-stacks--2-levels--671671277237625995/337da760-9b60-11ea-97b9-0a07909a05bc",
        "StackName": "stastest-1-nested-stacks--2-levels--671671277237625995",
        "StackStatus": "CREATE_COMPLETE",
        "StackStatusReason": null,
        "Tags": [
          {
            "Key": "STAS_TEST",
            "Value": "4479086529395759435"
          }
        ],
        "TimeoutInMinutes": null
      },
      {
        "Capabilities": null,
        "ChangeSetId": "arn:aws:cloudformation:%AWS_REGION%:%AWS_ACC_ID%:changeSet/chst-1590064802684724075/b8ac9d12-d12c-4d9c-9217-b289a2646369",
        "CreationTime": "2020-05-21T12:39:56.536Z",
        "DeletionTime": null,
        "Description": null,
        "DisableRollback": false,
        "DriftInformation": {
          "LastCheckTimestamp": null,
          "StackDriftStatus": "NOT_CHECKED"
        },
        "EnableTerminationProtection": null,
        "LastUpdatedTime": "2020-05-21T12:40:00.724Z",
        "NotificationARNs": null,
        "Outputs": null,
        "Parameters": null,
        "ParentId": null,
        "RoleARN": null,
        "RollbackConfiguration": {
          "MonitoringTimeInMinutes": null,
          "RollbackTriggers": null
        },
        "RootId": null,
        "StackId": "arn:aws:cloudformation:%AWS_REGION%:%AWS_ACC_ID%:stack/stastest-sync-stack-with-embedded-body-9180485200498063455/2d255b10-9b60-11ea-8d14-0637bdb794d0",
        "StackName": "stastest-sync-stack-with-embedded-body-9180485200498063455",
        "StackStatus": "CREATE_COMPLETE",
        "StackStatusReason": null,
        "Tags": [
          {
            "Key": "STAS_TEST",
            "Value": "%FEATURE_ID%"
          }
        ],
        "TimeoutInMinutes": null
      },
      {
        "Capabilities": null,
        "ChangeSetId": "arn:aws:cloudformation:%AWS_REGION%:%AWS_ACC_ID%:changeSet/chst-1590064796106097188/59cc24f8-34b9-42b4-aeac-6013f8f826aa",
        "CreationTime": "2020-05-21T12:39:49.959Z",
        "DeletionTime": null,
        "Description": null,
        "DisableRollback": false,
        "DriftInformation": {
          "LastCheckTimestamp": null,
          "StackDriftStatus": "NOT_CHECKED"
        },
        "EnableTerminationProtection": null,
        "LastUpdatedTime": "2020-05-21T12:39:53.937Z",
        "NotificationARNs": null,
        "Outputs": null,
        "Parameters": null,
        "ParentId": null,
        "RoleARN": null,
        "RollbackConfiguration": {
          "MonitoringTimeInMinutes": null,
          "RollbackTriggers": null
        },
        "RootId": null,
        "StackId": "arn:aws:cloudformation:%AWS_REGION%:%AWS_ACC_ID%:stack/stastest-1-nested-stacks--1-level--4997490855406749381/293a3e30-9b60-11ea-af97-06527026dd82",
        "StackName": "stastest-1-nested-stacks--1-level--4997490855406749381",
        "StackStatus": "CREATE_COMPLETE",
        "StackStatusReason": null,
        "Tags": [
          {
            "Key": "STAS_TEST",
            "Value": "4479086529395759435"
          }
        ],
        "TimeoutInMinutes": null
      },
      {
        "Capabilities": null,
        "ChangeSetId": null,
        "CreationTime": "2020-05-21T12:39:43.318Z",
        "DeletionTime": null,
        "Description": null,
        "DisableRollback": false,
        "DriftInformation": {
          "LastCheckTimestamp": null,
          "StackDriftStatus": "NOT_CHECKED"
        },
        "EnableTerminationProtection": null,
        "LastUpdatedTime": "2020-05-21T12:40:05.259Z",
        "NotificationARNs": null,
        "Outputs": null,
        "Parameters": null,
        "ParentId": null,
        "RoleARN": null,
        "RollbackConfiguration": {
          "MonitoringTimeInMinutes": null,
          "RollbackTriggers": null
        },
        "RootId": null,
        "StackId": "arn:aws:cloudformation:%AWS_REGION%:%AWS_ACC_ID%:stack/stastest-block-sync-should-fail-when-blocked-resource-is-modified-5000987418212582305/25449a00-9b60-11ea-bb7b-0a9bdcf5c20a",
        "StackName": "stastest-block-sync-should-fail-when-blocked-resource-is-modified-5000987418212582305",
        "StackStatus": "UPDATE_ROLLBACK_IN_PROGRESS",
        "StackStatusReason": "The following resource(s) failed to update: [EcsCluster1]. ",
        "Tags": [
          {
            "Key": "STAS_TEST",
            "Value": "1233564075705435183"
          }
        ],
        "TimeoutInMinutes": null
      },
      {
        "Capabilities": null,
        "ChangeSetId": null,
        "CreationTime": "2020-05-21T12:39:37.234Z",
        "DeletionTime": null,
        "Description": null,
        "DisableRollback": false,
        "DriftInformation": {
          "LastCheckTimestamp": null,
          "StackDriftStatus": "NOT_CHECKED"
        },
        "EnableTerminationProtection": null,
        "LastUpdatedTime": "2020-05-21T12:40:00.828Z",
        "NotificationARNs": null,
        "Outputs": null,
        "Parameters": null,
        "ParentId": null,
        "RoleARN": null,
        "RollbackConfiguration": {
          "MonitoringTimeInMinutes": null,
          "RollbackTriggers": null
        },
        "RootId": null,
        "StackId": "arn:aws:cloudformation:%AWS_REGION%:%AWS_ACC_ID%:stack/stastest-block-blocking-happens-even-if-there-are-no-changes-in-body-439686172119037881/21a468d0-9b60-11ea-af97-06527026dd82",
        "StackName": "stastest-block-blocking-happens-even-if-there-are-no-changes-in-body-439686172119037881",
        "StackStatus": "UPDATE_ROLLBACK_IN_PROGRESS",
        "StackStatusReason": "The following resource(s) failed to update: [EcsCluster1]. ",
        "Tags": [
          {
            "Key": "STAS_TEST",
            "Value": "1458604124178021163"
          }
        ],
        "TimeoutInMinutes": null
      },
      {
        "Capabilities": null,
        "ChangeSetId": "arn:aws:cloudformation:%AWS_REGION%:%AWS_ACC_ID%:changeSet/chst-1590064779202527096/d53f30f0-5fa7-4791-87e8-ca08840643be",
        "CreationTime": "2020-05-21T12:39:33.24Z",
        "DeletionTime": null,
        "Description": null,
        "DisableRollback": false,
        "DriftInformation": {
          "LastCheckTimestamp": null,
          "StackDriftStatus": "NOT_CHECKED"
        },
        "EnableTerminationProtection": null,
        "LastUpdatedTime": "2020-05-21T12:39:37.012Z",
        "NotificationARNs": null,
        "Outputs": null,
        "Parameters": null,
        "ParentId": null,
        "RoleARN": null,
        "RollbackConfiguration": {
          "MonitoringTimeInMinutes": null,
          "RollbackTriggers": null
        },
        "RootId": null,
        "StackId": "arn:aws:cloudformation:%AWS_REGION%:%AWS_ACC_ID%:stack/stastest-2-nested-stacks--1-level--4997490855406749381/1f42f930-9b60-11ea-bc49-0655dfaca74c",
        "StackName": "stastest-2-nested-stacks--1-level--4997490855406749381",
        "StackStatus": "CREATE_COMPLETE",
        "StackStatusReason": null,
        "Tags": [
          {
            "Key": "STAS_TEST",
            "Value": "4479086529395759435"
          }
        ],
        "TimeoutInMinutes": null
      },
      {
        "Capabilities": null,
        "ChangeSetId": "arn:aws:cloudformation:%AWS_REGION%:%AWS_ACC_ID%:changeSet/chst-1590064718866901252/bf15fe8a-708c-409c-b214-c06428b246c9",
        "CreationTime": "2020-05-21T12:38:32.791Z",
        "DeletionTime": null,
        "Description": null,
        "DisableRollback": false,
        "DriftInformation": {
          "LastCheckTimestamp": null,
          "StackDriftStatus": "NOT_CHECKED"
        },
        "EnableTerminationProtection": null,
        "LastUpdatedTime": "2020-05-21T12:38:36.713Z",
        "NotificationARNs": null,
        "Outputs": null,
        "Parameters": null,
        "ParentId": null,
        "RoleARN": null,
        "RollbackConfiguration": {
          "MonitoringTimeInMinutes": null,
          "RollbackTriggers": null
        },
        "RootId": null,
        "StackId": "arn:aws:cloudformation:%AWS_REGION%:%AWS_ACC_ID%:stack/stastest-app-executing-specific-nested-stack-3124989240966876126/fb3b7e40-9b5f-11ea-9110-02ee8e94a71a",
        "StackName": "stastest-app-executing-specific-nested-stack-3124989240966876126",
        "StackStatus": "CREATE_COMPLETE",
        "StackStatusReason": null,
        "Tags": [
          {
            "Key": "STAS_TEST",
            "Value": "4479086529395759435"
          }
        ],
        "TimeoutInMinutes": null
      },
      {
        "Capabilities": [
          "CAPABILITY_IAM",
          "CAPABILITY_NAMED_IAM"
        ],
        "ChangeSetId": null,
        "CreationTime": "2020-03-17T10:45:11.918Z",
        "DeletionTime": null,
        "Description": "The AWS CloudFormation template for this Serverless application",
        "DisableRollback": false,
        "DriftInformation": {
          "LastCheckTimestamp": null,
          "StackDriftStatus": "NOT_CHECKED"
        },
        "EnableTerminationProtection": null,
        "LastUpdatedTime": "2020-05-05T12:11:47.776Z",
        "NotificationARNs": null,
        "Outputs": [
          {
            "Description": "Current Lambda function version",
            "ExportName": null,
            "OutputKey": "CronLambdaFunctionQualifiedArn",
            "OutputValue": "arn:aws:lambda:%AWS_REGION%:%AWS_ACC_ID%:function:wbm-crawler-dev-cron:4"
          },
          {
            "Description": null,
            "ExportName": null,
            "OutputKey": "ServerlessDeploymentBucketName",
            "OutputValue": "wbm-crawler-dev-serverlessdeploymentbucket-u7gfe5kmae00"
          }
        ],
        "Parameters": null,
        "ParentId": null,
        "RoleARN": null,
        "RollbackConfiguration": {
          "MonitoringTimeInMinutes": null,
          "RollbackTriggers": null
        },
        "RootId": null,
        "StackId": "arn:aws:cloudformation:%AWS_REGION%:%AWS_ACC_ID%:stack/wbm-crawler-dev/60bdcf40-683c-11ea-b717-06ebe7208a7c",
        "StackName": "wbm-crawler-dev",
        "StackStatus": "UPDATE_COMPLETE",
        "StackStatusReason": null,
        "Tags": [
          {
            "Key": "STAGE",
            "Value": "dev"
          }
        ],
        "TimeoutInMinutes": null
      },
      {
        "Capabilities": [
          "CAPABILITY_IAM"
        ],
        "ChangeSetId": null,
        "CreationTime": "2020-01-08T15:25:05.571Z",
        "DeletionTime": null,
        "Description": null,
        "DisableRollback": false,
        "DriftInformation": {
          "LastCheckTimestamp": null,
          "StackDriftStatus": "NOT_CHECKED"
        },
        "EnableTerminationProtection": null,
        "LastUpdatedTime": null,
        "NotificationARNs": null,
        "Outputs": null,
        "Parameters": null,
        "ParentId": null,
        "RoleARN": null,
        "RollbackConfiguration": {
          "MonitoringTimeInMinutes": null,
          "RollbackTriggers": null
        },
        "RootId": null,
        "StackId": "arn:aws:cloudformation:%AWS_REGION%:%AWS_ACC_ID%:stack/emarsyssync-service-staging-ecsplatform/0c0db970-322b-11ea-ae1f-0234dfcdb558",
        "StackName": "emarsyssync-service-staging-ecsplatform",
        "StackStatus": "REVIEW_IN_PROGRESS",
        "StackStatusReason": "User Initiated",
        "Tags": null,
        "TimeoutInMinutes": null
      },
      {
        "Capabilities": [
          "CAPABILITY_IAM"
        ],
        "ChangeSetId": null,
        "CreationTime": "2020-01-08T15:25:05.569Z",
        "DeletionTime": null,
        "Description": null,
        "DisableRollback": false,
        "DriftInformation": {
          "LastCheckTimestamp": null,
          "StackDriftStatus": "NOT_CHECKED"
        },
        "EnableTerminationProtection": null,
        "LastUpdatedTime": null,
        "NotificationARNs": null,
        "Outputs": null,
        "Parameters": null,
        "ParentId": null,
        "RoleARN": null,
        "RollbackConfiguration": {
          "MonitoringTimeInMinutes": null,
          "RollbackTriggers": null
        },
        "RootId": null,
        "StackId": "arn:aws:cloudformation:%AWS_REGION%:%AWS_ACC_ID%:stack/emarsyssync-service-staging-subsvcqueue/0c061850-322b-11ea-9024-0adf61345742",
        "StackName": "emarsyssync-service-staging-subsvcqueue",
        "StackStatus": "REVIEW_IN_PROGRESS",
        "StackStatusReason": "User Initiated",
        "Tags": null,
        "TimeoutInMinutes": null
      },
      {
        "Capabilities": [
          "CAPABILITY_IAM"
        ],
        "ChangeSetId": null,
        "CreationTime": "2020-01-08T15:25:05.565Z",
        "DeletionTime": null,
        "Description": null,
        "DisableRollback": false,
        "DriftInformation": {
          "LastCheckTimestamp": null,
          "StackDriftStatus": "NOT_CHECKED"
        },
        "EnableTerminationProtection": null,
        "LastUpdatedTime": null,
        "NotificationARNs": null,
        "Outputs": null,
        "Parameters": null,
        "ParentId": null,
        "RoleARN": null,
        "RollbackConfiguration": {
          "MonitoringTimeInMinutes": null,
          "RollbackTriggers": null
        },
        "RootId": null,
        "StackId": "arn:aws:cloudformation:%AWS_REGION%:%AWS_ACC_ID%:stack/emarsyssync-service-staging-cloudwatch/0c07c600-322b-11ea-89e8-0aac29486886",
        "StackName": "emarsyssync-service-staging-cloudwatch",
        "StackStatus": "REVIEW_IN_PROGRESS",
        "StackStatusReason": "User Initiated",
        "Tags": null,
        "TimeoutInMinutes": null
      },
      {
        "Capabilities": [
          "CAPABILITY_IAM"
        ],
        "ChangeSetId": null,
        "CreationTime": "2020-01-08T15:25:05.552Z",
        "DeletionTime": null,
        "Description": null,
        "DisableRollback": false,
        "DriftInformation": {
          "LastCheckTimestamp": null,
          "StackDriftStatus": "NOT_CHECKED"
        },
        "EnableTerminationProtection": null,
        "LastUpdatedTime": null,
        "NotificationARNs": null,
        "Outputs": null,
        "Parameters": null,
        "ParentId": null,
        "RoleARN": null,
        "RollbackConfiguration": {
          "MonitoringTimeInMinutes": null,
          "RollbackTriggers": null
        },
        "RootId": null,
        "StackId": "arn:aws:cloudformation:%AWS_REGION%:%AWS_ACC_ID%:stack/emarsyssync-service-staging-customerqueue/0c01f9a0-322b-11ea-b24e-068f31eb76a4",
        "StackName": "emarsyssync-service-staging-customerqueue",
        "StackStatus": "REVIEW_IN_PROGRESS",
        "StackStatusReason": "User Initiated",
        "Tags": null,
        "TimeoutInMinutes": null
      },
      {
        "Capabilities": [
          "CAPABILITY_IAM"
        ],
        "ChangeSetId": null,
        "CreationTime": "2020-01-08T15:25:05.526Z",
        "DeletionTime": null,
        "Description": null,
        "DisableRollback": false,
        "DriftInformation": {
          "LastCheckTimestamp": null,
          "StackDriftStatus": "NOT_CHECKED"
        },
        "EnableTerminationProtection": null,
        "LastUpdatedTime": null,
        "NotificationARNs": null,
        "Outputs": null,
        "Parameters": null,
        "ParentId": null,
        "RoleARN": null,
        "RollbackConfiguration": {
          "MonitoringTimeInMinutes": null,
          "RollbackTriggers": null
        },
        "RootId": null,
        "StackId": "arn:aws:cloudformation:%AWS_REGION%:%AWS_ACC_ID%:stack/emarsyssync-service-staging-orderqueue/0bfec550-322b-11ea-b467-024980a27cd8",
        "StackName": "emarsyssync-service-staging-orderqueue",
        "StackStatus": "REVIEW_IN_PROGRESS",
        "StackStatusReason": "User Initiated",
        "Tags": null,
        "TimeoutInMinutes": null
      },
      {
        "Capabilities": [
          "CAPABILITY_IAM"
        ],
        "ChangeSetId": null,
        "CreationTime": "2020-01-08T15:25:05.47Z",
        "DeletionTime": null,
        "Description": null,
        "DisableRollback": false,
        "DriftInformation": {
          "LastCheckTimestamp": null,
          "StackDriftStatus": "NOT_CHECKED"
        },
        "EnableTerminationProtection": null,
        "LastUpdatedTime": null,
        "NotificationARNs": null,
        "Outputs": null,
        "Parameters": null,
        "ParentId": null,
        "RoleARN": null,
        "RollbackConfiguration": {
          "MonitoringTimeInMinutes": null,
          "RollbackTriggers": null
        },
        "RootId": null,
        "StackId": "arn:aws:cloudformation:%AWS_REGION%:%AWS_ACC_ID%:stack/emarsyssync-service-staging-newsletter-topic/0bf94710-322b-11ea-9d27-0a9b71aae734",
        "StackName": "emarsyssync-service-staging-newsletter-topic",
        "StackStatus": "REVIEW_IN_PROGRESS",
        "StackStatusReason": "User Initiated",
        "Tags": null,
        "TimeoutInMinutes": null
      },
      {
        "Capabilities": null,
        "ChangeSetId": "arn:aws:cloudformation:%AWS_REGION%:%AWS_ACC_ID%:changeSet/chst-1571296622332549159/53046f7e-eb42-440e-8da0-f23c4d270586",
        "CreationTime": "2019-10-17T07:15:21.468Z",
        "DeletionTime": null,
        "Description": null,
        "DisableRollback": false,
        "DriftInformation": {
          "LastCheckTimestamp": null,
          "StackDriftStatus": "NOT_CHECKED"
        },
        "EnableTerminationProtection": null,
        "LastUpdatedTime": "2019-10-17T07:17:19.701Z",
        "NotificationARNs": null,
        "Outputs": null,
        "Parameters": [
          {
            "ParameterKey": "Sns2",
            "ParameterValue": "Value3",
            "ResolvedValue": null,
            "UsePreviousValue": null
          },
          {
            "ParameterKey": "Sns1",
            "ParameterValue": "Value1",
            "ResolvedValue": null,
            "UsePreviousValue": null
          }
        ],
        "ParentId": null,
        "RoleARN": null,
        "RollbackConfiguration": {
          "MonitoringTimeInMinutes": null,
          "RollbackTriggers": null
        },
        "RootId": null,
        "StackId": "arn:aws:cloudformation:%AWS_REGION%:%AWS_ACC_ID%:stack/hello/e1776ee0-f0ad-11e9-b375-0276cc331c40",
        "StackName": "hello",
        "StackStatus": "UPDATE_COMPLETE",
        "StackStatusReason": null,
        "Tags": [
          {
            "Key": "Key2",
            "Value": "Value3"
          },
          {
            "Key": "Key1",
            "Value": "Value1"
          }
        ],
        "TimeoutInMinutes": null
      },
      {
        "Capabilities": null,
        "ChangeSetId": "arn:aws:cloudformation:%AWS_REGION%:%AWS_ACC_ID%:changeSet/chst-1552905913973674182/702a3f7e-9b60-47f1-8724-656a17dbca99",
        "CreationTime": "2019-03-18T10:34:57.218Z",
        "DeletionTime": null,
        "Description": null,
        "DisableRollback": false,
        "DriftInformation": {
          "LastCheckTimestamp": null,
          "StackDriftStatus": "NOT_CHECKED"
        },
        "EnableTerminationProtection": null,
        "LastUpdatedTime": "2019-03-18T10:45:27.317Z",
        "NotificationARNs": null,
        "Outputs": null,
        "Parameters": [
          {
            "ParameterKey": "TopicName",
            "ParameterValue": "mydemo-sns",
            "ResolvedValue": null,
            "UsePreviousValue": null
          }
        ],
        "ParentId": null,
        "RoleARN": null,
        "RollbackConfiguration": {
          "MonitoringTimeInMinutes": null,
          "RollbackTriggers": null
        },
        "RootId": null,
        "StackId": "arn:aws:cloudformation:%AWS_REGION%:%AWS_ACC_ID%:stack/demo-sns/79989fb0-4969-11e9-9e49-0290198c1bb6",
        "StackName": "demo-sns",
        "StackStatus": "UPDATE_COMPLETE",
        "StackStatusReason": null,
        "Tags": null,
        "TimeoutInMinutes": null
      },
      {
        "Capabilities": [
          "CAPABILITY_IAM"
        ],
        "ChangeSetId": "arn:aws:cloudformation:%AWS_REGION%:%AWS_ACC_ID%:changeSet/chst-1547979901558732092/57fef91c-30e6-45ef-b130-7f5fb1c430a5",
        "CreationTime": "2019-01-20T10:25:02.03Z",
        "DeletionTime": null,
        "Description": null,
        "DisableRollback": false,
        "DriftInformation": {
          "LastCheckTimestamp": null,
          "StackDriftStatus": "NOT_CHECKED"
        },
        "EnableTerminationProtection": null,
        "LastUpdatedTime": "2019-01-20T10:25:06.071Z",
        "NotificationARNs": null,
        "Outputs": null,
        "Parameters": [
          {
            "ParameterKey": "ClusterName",
            "ParameterValue": "mydemo-ecs",
            "ResolvedValue": null,
            "UsePreviousValue": null
          }
        ],
        "ParentId": null,
        "RoleARN": null,
        "RollbackConfiguration": {
          "MonitoringTimeInMinutes": null,
          "RollbackTriggers": null
        },
        "RootId": null,
        "StackId": "arn:aws:cloudformation:%AWS_REGION%:%AWS_ACC_ID%:stack/demo-ecs/a548ddd0-1c9d-11e9-9aaf-0ae15a4dadda",
        "StackName": "demo-ecs",
        "StackStatus": "CREATE_COMPLETE",
        "StackStatusReason": null,
        "Tags": null,
        "TimeoutInMinutes": null
      },
      {
        "Capabilities": [
          "CAPABILITY_IAM"
        ],
        "ChangeSetId": null,
        "CreationTime": "2018-12-28T12:06:51.649Z",
        "DeletionTime": null,
        "Description": null,
        "DisableRollback": false,
        "DriftInformation": {
          "LastCheckTimestamp": null,
          "StackDriftStatus": "NOT_CHECKED"
        },
        "EnableTerminationProtection": null,
        "LastUpdatedTime": "2019-02-09T10:29:11.214Z",
        "NotificationARNs": null,
        "Outputs": [
          {
            "Description": null,
            "ExportName": "hello1-Topic-Arn",
            "OutputKey": "TopicArn",
            "OutputValue": "arn:aws:sns:%AWS_REGION%:%AWS_ACC_ID%:hohoho"
          }
        ],
        "Parameters": [
          {
            "ParameterKey": "Topic2",
            "ParameterValue": "world",
            "ResolvedValue": null,
            "UsePreviousValue": null
          },
          {
            "ParameterKey": "Topic",
            "ParameterValue": "hohoho",
            "ResolvedValue": null,
            "UsePreviousValue": null
          }
        ],
        "ParentId": null,
        "RoleARN": null,
        "RollbackConfiguration": {
          "MonitoringTimeInMinutes": null,
          "RollbackTriggers": null
        },
        "RootId": null,
        "StackId": "arn:aws:cloudformation:%AWS_REGION%:%AWS_ACC_ID%:stack/hello1/0f6879d0-0a99-11e9-8173-061b9f50c2ce",
        "StackName": "hello1",
        "StackStatus": "UPDATE_ROLLBACK_COMPLETE",
        "StackStatusReason": null,
        "Tags": null,
        "TimeoutInMinutes": null
      }
    ]
  }
}